[slurm] Host: lrdn0379.leonardo.local
[slurm] CWD:  /leonardo_work/try25_santini/Deep-Learning
[slurm] JobID: 21622795
Loading python/3.11.7
  Loading requirement: bzip2/1.0.8-ib3znej libmd/1.0.4-2km2lxx
    libbsd/0.12.1-oocs6an expat/2.6.2-p2t4wry ncurses/6.5-svfl57u
    readline/8.2-zeda6mx gdbm/1.23-wiol7vk libiconv/1.17-nhc3mhm
    xz/5.4.6-xxxg42c zlib-ng/2.1.6-jkgunjc libxml2/2.10.3-zbbe7lm
    pigz/2.8-5bwzpml zstd/1.5.6-uq5yyux tar/1.34-jgektnv gettext/0.22.5-hsxgafg
    libffi/3.4.6-4vs4jpp libxcrypt/4.4.35-7om46b5 sqlite/3.43.2-4kl5mnp
    util-linux-uuid/2.38.1-5achpds
[env] Python: /leonardo/home/userexternal/vsantini/iffar_env/bin/python
[env] Torchrun: /leonardo/home/userexternal/vsantini/iffar_env/bin/torchrun
[env] GPU count: 4
[net] Elenco interfacce IPv4:
lo               UNKNOWN        127.0.0.1/8 
enp1s0f0         UP             10.2.0.19/21 
ib0              UP             10.128.12.13/16 
[net] Default route:
default via 10.2.7.254 dev enp1s0f0 proto static metric 100 
[net] Default network interface detected: enp1s0f0
[slurm] TMPDIR=/leonardo_scratch/large/userexternal/vsantini/tmp_21622795
[check] torch: 2.5.1+cu121
[check] cuda available: True
[check] visible devices: 4
[check] data: OK
[check] manifests/sr16000: OK
[check] src/train.py: OK
[slurm] Launching torchrun...
[slurm] MASTER_ADDR=lrdn0379.leonardo.local  MASTER_PORT=29500
[slurm] NCCL_SOCKET_IFNAME=enp1s0f0  GLOO_SOCKET_IFNAME=enp1s0f0
[default0]:[setup] Distributed: True (rank 0/4)
[default0]:[setup] Device: cuda:0, mixed precision: bfloat16
[default0]:[setup] Batch size per GPU: 32, global: 128, L=24, K=4
[default0]:NCCL version 2.21.5+cuda12.4
[default0]:[plot] Saved /leonardo_scratch/large/userexternal/vsantini/train_plots/spec_step000000.png
[default0]:[epoch 1] val_total=2.5245
[default0]:[ckpt] saved BEST
[default0]:[ckpt] saved epoch
[default0]:[epoch 2] val_total=2.2910
[default0]:[ckpt] saved BEST
[default0]:[ckpt] saved epoch
[default0]:[epoch 3] val_total=2.2841
[default0]:[ckpt] saved BEST
[default0]:[ckpt] saved epoch
[default0]:[epoch 4] val_total=2.2822
[default0]:[ckpt] saved BEST
[default0]:[ckpt] saved epoch
[default0]:[epoch 5] val_total=2.2793
[default0]:[ckpt] saved BEST
[default0]:[ckpt] saved epoch
[default0]:[epoch 6] val_total=2.3660
[default0]:[ckpt] saved epoch
[default0]:[epoch 7] val_total=2.2771
[default0]:[ckpt] saved BEST
[default0]:[ckpt] saved epoch
[default0]:[epoch 8] val_total=2.2756
[default0]:[ckpt] saved BEST
[default0]:[ckpt] saved epoch
[default0]:[epoch 9] val_total=2.2740
[default0]:[ckpt] saved BEST
[default0]:[ckpt] saved epoch
[default0]:[epoch 10] val_total=2.2748
[default0]:[ckpt] saved epoch
[default0]:[epoch 11] val_total=2.2734
[default0]:[ckpt] saved BEST
[default0]:[ckpt] saved epoch
[default0]:[epoch 12] val_total=2.2735
[default0]:[ckpt] saved epoch
[default0]:[plot] Saved /leonardo_scratch/large/userexternal/vsantini/train_plots/spec_step050000.png
[default0]:[epoch 13] val_total=nan
[default0]:[ckpt] saved epoch
[default0]:[epoch 14] val_total=nan
[default0]:[ckpt] saved epoch
[default0]:[epoch 15] val_total=nan
[default0]:[ckpt] saved epoch
[default0]:[epoch 16] val_total=nan
[default0]:[ckpt] saved epoch
[default0]:[epoch 17] val_total=nan
[default0]:[ckpt] saved epoch
[default0]:[epoch 18] val_total=nan
[default0]:[ckpt] saved epoch
