Loading python/3.11.7
  Loading requirement: bzip2/1.0.8-ib3znej libmd/1.0.4-2km2lxx
    libbsd/0.12.1-oocs6an expat/2.6.2-p2t4wry ncurses/6.5-svfl57u
    readline/8.2-zeda6mx gdbm/1.23-wiol7vk libiconv/1.17-nhc3mhm
    xz/5.4.6-xxxg42c zlib-ng/2.1.6-jkgunjc libxml2/2.10.3-zbbe7lm
    pigz/2.8-5bwzpml zstd/1.5.6-uq5yyux tar/1.34-jgektnv gettext/0.22.5-hsxgafg
    libffi/3.4.6-4vs4jpp libxcrypt/4.4.35-7om46b5 sqlite/3.43.2-4kl5mnp
    util-linux-uuid/2.38.1-5achpds
[INFO] Working directory: /leonardo_work/try25_santini/Deep-Learning
[INFO] Using Python from: /leonardo_work/try25_santini/envs/audioenv/bin/python
[INFO] Starting preprocessing...
[INFO] PASS 1: Discover audio
[INFO] PASS 2: Split and manifest
[IFF-AR][preprocess] Pass1: collecting stats on train…
[IFF-AR][preprocess] Wrote manifests/sr16000/stats_n2048_h512.json
[IFF-AR][preprocess] Rebuilding manifest_pairs.json from existing cache…
  Wrote manifests/sr16000/train_pairs.json (260284 files)
  Wrote manifests/sr16000/val_pairs.json (14460 files)
  Wrote manifests/sr16000/test_pairs.json (14461 files)
[IFF-AR][preprocess] Done.
[INFO] ✅ Preprocessing completed.
